// Jest Snapshot v1, https://goo.gl/fbAQLP

exports[`Utils hashMutationQuery creates a hash 1`] = `653432890`;
